[16:12:21.411][pid:31920][tid:4304] DllMain 之后: 初始化线程已启动
[16:12:21.412][pid:31920][tid:4304] Bootstrap 进入
[16:12:21.412][pid:31920][tid:4304] log::Init 进入
[16:12:21.413][pid:31920][tid:4304] log::Init 完成 文件=打开 级别=2
[16:12:21.413][pid:31920][tid:4304] 日志系统就绪
[16:12:21.413][pid:31920][tid:4304] MinHook 初始化完成, 开始等待游戏就绪
[16:12:21.413][pid:31920][tid:4304] 游戏就绪
[16:12:21.826][pid:31920][tid:4304] 虚表扫描: vtable=0x7ff75238eeb0 范围 v[0x38..0x80]
[16:12:21.863][pid:31920][tid:4304] PostRender 直连: v[0x6D] = 0x7ff7501c6740 (序言特征码确认)
[16:12:21.864][pid:31920][tid:4304] 功能分发已注册
[16:12:21.866][pid:31920][tid:5796] 直连 detour 命中: calls=1 画布命中=是 canvas=0x2878d6c4ae0 clip=1920x1080
[16:12:21.866][pid:31920][tid:5796] 已确认渲染回调槽, 卸载其余探针
[16:12:21.867][pid:31920][tid:5796] 帧驱动: 首帧初始化开始
[16:12:21.867][pid:31920][tid:5796] 帧驱动: 读取配置
[16:12:21.869][pid:31920][tid:5796] 帧驱动: UI 初始化
[16:12:21.876][pid:31920][tid:5796] 帧驱动: 功能层初始化
[16:12:21.876][pid:31920][tid:5796] 帧驱动: 初始化完成
[16:12:21.900][pid:31920][tid:4304] ProcessEvent 钩子安装成功
[16:12:21.901][pid:31920][tid:4304] WndProc 钩子安装完成
[16:12:21.908][pid:31920][tid:5796] 心跳: 第 1 帧 完成阶段=8 Shadow::Render 提交绘制 菜单=关 画布=1920x1080
[16:12:21.908][pid:31920][tid:5796] 虚表探针统计:
  v[0x6D] calls=1 画布命中=1 clip=0x0 arg0=0x2878d6c4ae0

[16:12:22.903][pid:31920][tid:5796] 心跳: 第 96 帧 完成阶段=8 Shadow::Render 提交绘制 菜单=关 画布=1920x1080
[16:12:23.913][pid:31920][tid:5796] 心跳: 第 215 帧 完成阶段=8 Shadow::Render 提交绘制 菜单=开 画布=1920x1080
[16:12:24.899][pid:31920][tid:5796] 心跳: 第 334 帧 完成阶段=8 Shadow::Render 提交绘制 菜单=开 画布=1920x1080
[16:12:25.899][pid:31920][tid:5796] 心跳: 第 454 帧 完成阶段=8 Shadow::Render 提交绘制 菜单=开 画布=1920x1080
[16:12:26.899][pid:31920][tid:5796] 心跳: 第 574 帧 完成阶段=8 Shadow::Render 提交绘制 菜单=开 画布=1920x1080
[16:12:26.900][pid:31920][tid:5796] 虚表探针统计:
  v[0x6D] calls=574 画布命中=574 clip=0x0 arg0=0x2878d6c4ae0

[16:12:27.899][pid:31920][tid:5796] 心跳: 第 694 帧 完成阶段=8 Shadow::Render 提交绘制 菜单=开 画布=1920x1080
[16:12:28.900][pid:31920][tid:5796] 心跳: 第 814 帧 完成阶段=8 Shadow::Render 提交绘制 菜单=开 画布=1920x1080
[16:12:29.899][pid:31920][tid:5796] 心跳: 第 934 帧 完成阶段=8 Shadow::Render 提交绘制 菜单=开 画布=1920x1080
[16:12:30.449][pid:31920][tid:5796] 直连 detour 命中: calls=1000 画布命中=是 canvas=0x2878d6c4ae0 clip=1920x1080
[16:12:30.900][pid:31920][tid:5796] 心跳: 第 1054 帧 完成阶段=8 Shadow::Render 提交绘制 菜单=开 画布=1920x1080
[16:12:31.902][pid:31920][tid:5796] 心跳: 第 1174 帧 完成阶段=8 Shadow::Render 提交绘制 菜单=开 画布=1920x1080
[16:12:31.902][pid:31920][tid:5796] 虚表探针统计:
  v[0x6D] calls=1174 画布命中=1174 clip=0x0 arg0=0x2878d6c4ae0

[16:12:32.902][pid:31920][tid:5796] 心跳: 第 1294 帧 完成阶段=8 Shadow::Render 提交绘制 菜单=开 画布=1920x1080
[16:12:33.901][pid:31920][tid:5796] 心跳: 第 1411 帧 完成阶段=8 Shadow::Render 提交绘制 菜单=开 画布=1920x1080
[16:12:34.906][pid:31920][tid:5796] 心跳: 第 1530 帧 完成阶段=8 Shadow::Render 提交绘制 菜单=开 画布=1920x1080
[16:12:35.906][pid:31920][tid:5796] 心跳: 第 1650 帧 完成阶段=8 Shadow::Render 提交绘制 菜单=开 画布=1920x1080
[16:12:36.906][pid:31920][tid:5796] 心跳: 第 1770 帧 完成阶段=8 Shadow::Render 提交绘制 菜单=开 画布=1920x1080
[16:12:36.907][pid:31920][tid:5796] 虚表探针统计:
  v[0x6D] calls=1770 画布命中=1770 clip=0x0 arg0=0x2878d6c4ae0

[16:12:37.898][pid:31920][tid:5796] 心跳: 第 1889 帧 完成阶段=8 Shadow::Render 提交绘制 菜单=开 画布=1920x1080
[16:12:38.899][pid:31920][tid:5796] 心跳: 第 2009 帧 完成阶段=8 Shadow::Render 提交绘制 菜单=开 画布=1920x1080
[16:12:39.900][pid:31920][tid:5796] 心跳: 第 2129 帧 完成阶段=8 Shadow::Render 提交绘制 菜单=开 画布=1920x1080
[16:12:40.900][pid:31920][tid:5796] 心跳: 第 2247 帧 完成阶段=8 Shadow::Render 提交绘制 菜单=开 画布=1920x1080
[16:17:48.109][pid:26448][tid:2452] DllMain 之后: 初始化线程已启动
[16:17:48.109][pid:26448][tid:2452] Bootstrap 进入
[16:17:48.110][pid:26448][tid:2452] log::Init 进入
[16:17:48.110][pid:26448][tid:2452] log::Init 完成 文件=打开 级别=2
[16:17:48.110][pid:26448][tid:2452] 日志系统就绪
[16:17:48.110][pid:26448][tid:2452] MinHook 初始化完成, 开始等待游戏就绪
[16:17:48.111][pid:26448][tid:2452] 游戏就绪
[16:17:48.571][pid:26448][tid:2452] 虚表扫描: vtable=0x7ff75238eeb0 范围 v[0x38..0x80]
[16:17:48.615][pid:26448][tid:2452] PostRender 直连: v[0x6D] = 0x7ff7501c6740 (序言特征码确认)
[16:17:48.616][pid:26448][tid:2452] 功能分发已注册
[16:17:48.622][pid:26448][tid:25864] 直连 detour 命中: calls=1 画布命中=是 canvas=0x19121172770 clip=1920x1080
[16:17:48.623][pid:26448][tid:25864] 已确认渲染回调槽, 卸载其余探针
[16:17:48.623][pid:26448][tid:25864] 帧驱动: 首帧初始化开始
[16:17:48.623][pid:26448][tid:25864] 帧驱动: 读取配置
[16:17:48.625][pid:26448][tid:25864] 帧驱动: UI 初始化
[16:17:48.632][pid:26448][tid:25864] 帧驱动: 功能层初始化
[16:17:48.633][pid:26448][tid:25864] 帧驱动: 初始化完成
[16:17:48.647][pid:26448][tid:25864] 心跳: 第 1 帧 完成阶段=8 Shadow::Render 提交绘制 菜单=关 画布=1920x1080
[16:17:48.648][pid:26448][tid:25864] 虚表探针统计:
  v[0x6D] calls=1 画布命中=1 clip=0x0 arg0=0x19121172770

[16:17:48.663][pid:26448][tid:2452] ProcessEvent 钩子安装成功
[16:17:48.664][pid:26448][tid:2452] WndProc 钩子安装完成
[16:17:49.695][pid:26448][tid:25864] 心跳: 第 98 帧 完成阶段=8 Shadow::Render 提交绘制 菜单=关 画布=1920x1080
[16:17:50.697][pid:26448][tid:25864] 心跳: 第 217 帧 完成阶段=8 Shadow::Render 提交绘制 菜单=开 画布=1920x1080
[16:17:51.697][pid:26448][tid:25864] 心跳: 第 337 帧 完成阶段=8 Shadow::Render 提交绘制 菜单=开 画布=1920x1080
[16:17:52.697][pid:26448][tid:25864] 心跳: 第 457 帧 完成阶段=8 Shadow::Render 提交绘制 菜单=开 画布=1920x1080
[16:17:53.640][pid:26448][tid:25864] 虚表探针统计:
  v[0x6D] calls=570 画布命中=570 clip=0x0 arg0=0x19121172770

[16:17:53.699][pid:26448][tid:25864] 心跳: 第 577 帧 完成阶段=8 Shadow::Render 提交绘制 菜单=开 画布=1920x1080
[16:17:54.699][pid:26448][tid:25864] 心跳: 第 696 帧 完成阶段=8 Shadow::Render 提交绘制 菜单=开 画布=1920x1080
[16:17:55.701][pid:26448][tid:25864] 心跳: 第 791 帧 完成阶段=8 Shadow::Render 提交绘制 菜单=开 画布=1920x1080
[16:17:56.698][pid:26448][tid:25864] 心跳: 第 908 帧 完成阶段=8 Shadow::Render 提交绘制 菜单=开 画布=1920x1080
[16:17:57.464][pid:26448][tid:25864] 直连 detour 命中: calls=1000 画布命中=是 canvas=0x19121172770 clip=1920x1080
[16:17:57.698][pid:26448][tid:25864] 心跳: 第 1028 帧 完成阶段=8 Shadow::Render 提交绘制 菜单=开 画布=1920x1080
[16:17:58.640][pid:26448][tid:25864] 虚表探针统计:
  v[0x6D] calls=1141 画布命中=1141 clip=0x0 arg0=0x19121172770

[16:17:58.698][pid:26448][tid:25864] 心跳: 第 1148 帧 完成阶段=8 Shadow::Render 提交绘制 菜单=开 画布=1920x1080
[21:00:54.441][pid:27836][tid:26664] DllMain 之后: 初始化线程已启动
[21:00:54.441][pid:27836][tid:26664] Bootstrap 进入
[21:00:54.441][pid:27836][tid:26664] log::Init 进入
[21:00:54.442][pid:27836][tid:26664] log::Init 完成 文件=打开 级别=2
[21:00:54.442][pid:27836][tid:26664] 日志系统就绪
[21:00:54.442][pid:27836][tid:26664] MinHook 初始化完成, 开始等待游戏就绪
[21:00:54.443][pid:27836][tid:26664] 游戏就绪
[21:00:54.807][pid:27836][tid:26664] 虚表扫描: vtable=0x7ff6b2fbeeb0 范围 v[0x38..0x80]
[21:00:54.841][pid:27836][tid:26664] PostRender 直连: v[0x6D] = 0x7ff6b0df6740 (序言特征码确认)
[21:00:54.842][pid:27836][tid:26664] 功能分发已注册
[21:00:54.847][pid:27836][tid:28660] 直连 detour 命中: calls=1 画布命中=是 canvas=0x211f210f820 clip=1920x1080
[21:00:54.847][pid:27836][tid:28660] 已确认渲染回调槽, 卸载其余探针
[21:00:54.847][pid:27836][tid:28660] 帧驱动: 首帧初始化开始
[21:00:54.847][pid:27836][tid:28660] 帧驱动: 读取配置
[21:00:54.849][pid:27836][tid:28660] 帧驱动: UI 初始化
[21:00:54.856][pid:27836][tid:28660] 帧驱动: 功能层初始化
[21:00:54.857][pid:27836][tid:28660] 帧驱动: 初始化完成
[21:00:54.874][pid:27836][tid:26664] ProcessEvent 钩子安装成功
[21:00:54.875][pid:27836][tid:26664] WndProc 钩子安装完成
[21:00:54.889][pid:27836][tid:28660] 心跳: 第 1 帧 完成阶段=8 Shadow::Render 提交绘制 菜单=关 画布=1920x1080
[21:00:54.889][pid:27836][tid:28660] 虚表探针统计:
  v[0x6D] calls=1 画布命中=1 clip=0x0 arg0=0x211f210f820

[21:00:55.884][pid:27836][tid:28660] 心跳: 第 121 帧 完成阶段=8 Shadow::Render 提交绘制 菜单=关 画布=1920x1080
[21:00:56.884][pid:27836][tid:28660] 心跳: 第 241 帧 完成阶段=8 Shadow::Render 提交绘制 菜单=关 画布=1920x1080
[21:00:57.883][pid:27836][tid:28660] 心跳: 第 361 帧 完成阶段=8 Shadow::Render 提交绘制 菜单=关 画布=1920x1080
[21:00:58.886][pid:27836][tid:28660] 心跳: 第 480 帧 完成阶段=8 Shadow::Render 提交绘制 菜单=开 画布=1920x1080
[21:00:59.886][pid:27836][tid:28660] 心跳: 第 600 帧 完成阶段=8 Shadow::Render 提交绘制 菜单=开 画布=1920x1080
[21:00:59.886][pid:27836][tid:28660] 虚表探针统计:
  v[0x6D] calls=600 画布命中=600 clip=0x0 arg0=0x211f210f820

[21:01:00.886][pid:27836][tid:28660] 心跳: 第 720 帧 完成阶段=8 Shadow::Render 提交绘制 菜单=开 画布=1920x1080
[21:01:01.886][pid:27836][tid:28660] 心跳: 第 840 帧 完成阶段=8 Shadow::Render 提交绘制 菜单=开 画布=1920x1080
[21:01:02.887][pid:27836][tid:28660] 心跳: 第 960 帧 完成阶段=8 Shadow::Render 提交绘制 菜单=开 画布=1920x1080
[21:01:03.220][pid:27836][tid:28660] 直连 detour 命中: calls=1000 画布命中=是 canvas=0x211f210f820 clip=1920x1080
[21:01:03.887][pid:27836][tid:28660] 心跳: 第 1080 帧 完成阶段=8 Shadow::Render 提交绘制 菜单=开 画布=1920x1080
[21:01:04.887][pid:27836][tid:28660] 心跳: 第 1200 帧 完成阶段=8 Shadow::Render 提交绘制 菜单=开 画布=1920x1080
[21:01:04.887][pid:27836][tid:28660] 虚表探针统计:
  v[0x6D] calls=1200 画布命中=1200 clip=0x0 arg0=0x211f210f820

[21:01:05.887][pid:27836][tid:28660] 心跳: 第 1320 帧 完成阶段=8 Shadow::Render 提交绘制 菜单=开 画布=1920x1080
[21:01:06.888][pid:27836][tid:28660] 心跳: 第 1440 帧 完成阶段=8 Shadow::Render 提交绘制 菜单=开 画布=1920x1080
[21:01:07.886][pid:27836][tid:28660] 心跳: 第 1558 帧 完成阶段=8 Shadow::Render 提交绘制 菜单=开 画布=1920x1080
[21:01:08.887][pid:27836][tid:28660] 心跳: 第 1678 帧 完成阶段=8 Shadow::Render 提交绘制 菜单=开 画布=1920x1080
[21:01:09.886][pid:27836][tid:28660] 心跳: 第 1798 帧 完成阶段=8 Shadow::Render 提交绘制 菜单=开 画布=1920x1080
[21:01:09.887][pid:27836][tid:28660] 虚表探针统计:
  v[0x6D] calls=1798 画布命中=1798 clip=0x0 arg0=0x211f210f820

[21:01:10.887][pid:27836][tid:28660] 心跳: 第 1918 帧 完成阶段=8 Shadow::Render 提交绘制 菜单=开 画布=1920x1080
[21:01:11.888][pid:27836][tid:28660] 心跳: 第 2038 帧 完成阶段=8 Shadow::Render 提交绘制 菜单=开 画布=1920x1080
[21:01:12.888][pid:27836][tid:28660] 心跳: 第 2158 帧 完成阶段=8 Shadow::Render 提交绘制 菜单=开 画布=1920x1080
[21:01:13.884][pid:27836][tid:28660] 心跳: 第 2277 帧 完成阶段=8 Shadow::Render 提交绘制 菜单=开 画布=1920x1080
[21:01:14.891][pid:27836][tid:28660] 心跳: 第 2398 帧 完成阶段=8 Shadow::Render 提交绘制 菜单=开 画布=1920x1080
[21:01:14.892][pid:27836][tid:28660] 虚表探针统计:
  v[0x6D] calls=2398 画布命中=2398 clip=0x0 arg0=0x211f210f820

[21:01:15.891][pid:27836][tid:28660] 心跳: 第 2518 帧 完成阶段=8 Shadow::Render 提交绘制 菜单=关 画布=1920x1080
[21:01:16.883][pid:27836][tid:28660] 心跳: 第 2635 帧 完成阶段=8 Shadow::Render 提交绘制 菜单=关 画布=1920x1080
[21:01:17.888][pid:27836][tid:28660] 心跳: 第 2751 帧 完成阶段=8 Shadow::Render 提交绘制 菜单=关 画布=1920x1080
[21:01:20.763][pid:27836][tid:28660] 心跳: 第 2805 帧 完成阶段=8 Shadow::Render 提交绘制 菜单=关 画布=1920x1080
[21:01:20.764][pid:27836][tid:28660] 虚表探针统计:
  v[0x6D] calls=2805 画布命中=2805 clip=0x0 arg0=0x211f210f820

[21:01:22.848][pid:27836][tid:28660] 心跳: 第 2806 帧 完成阶段=8 Shadow::Render 提交绘制 菜单=关 画布=1920x1080
[21:01:23.842][pid:27836][tid:28660] 心跳: 第 2823 帧 完成阶段=8 Shadow::Render 提交绘制 菜单=关 画布=1920x1080
[21:01:24.844][pid:27836][tid:28660] 心跳: 第 2878 帧 完成阶段=8 Shadow::Render 提交绘制 菜单=关 画布=1920x1080
[21:01:25.758][pid:27836][tid:28660] 虚表探针统计:
  v[0x6D] calls=2980 画布命中=2980 clip=0x0 arg0=0x211f210f820

[21:01:25.842][pid:27836][tid:28660] 心跳: 第 2990 帧 完成阶段=8 Shadow::Render 提交绘制 菜单=关 画布=1920x1080
[21:01:26.842][pid:27836][tid:28660] 心跳: 第 3110 帧 完成阶段=8 Shadow::Render 提交绘制 菜单=关 画布=1920x1080
[21:01:27.842][pid:27836][tid:28660] 心跳: 第 3230 帧 完成阶段=8 Shadow::Render 提交绘制 菜单=关 画布=1920x1080
[21:01:28.863][pid:27836][tid:28660] 心跳: 第 3299 帧 完成阶段=8 Shadow::Render 提交绘制 菜单=关 画布=1920x1080
[21:01:29.857][pid:27836][tid:28660] 心跳: 第 3394 帧 完成阶段=8 Shadow::Render 提交绘制 菜单=关 画布=1920x1080
[21:01:30.760][pid:27836][tid:28660] 虚表探针统计:
  v[0x6D] calls=3480 画布命中=3480 clip=0x0 arg0=0x211f210f820

[21:01:30.856][pid:27836][tid:28660] 心跳: 第 3488 帧 完成阶段=8 Shadow::Render 提交绘制 菜单=关 画布=1920x1080
[21:01:31.862][pid:27836][tid:28660] 心跳: 第 3578 帧 完成阶段=8 Shadow::Render 提交绘制 菜单=关 画布=1920x1080
[21:01:32.854][pid:27836][tid:28660] 心跳: 第 3672 帧 完成阶段=8 Shadow::Render 提交绘制 菜单=关 画布=1920x1080
[21:01:33.854][pid:27836][tid:28660] 心跳: 第 3775 帧 完成阶段=8 Shadow::Render 提交绘制 菜单=关 画布=1920x1080
[21:01:34.857][pid:27836][tid:28660] 心跳: 第 3879 帧 完成阶段=8 Shadow::Render 提交绘制 菜单=开 画布=1920x1080
[21:01:35.759][pid:27836][tid:28660] 虚表探针统计:
  v[0x6D] calls=3972 画布命中=3972 clip=0x0 arg0=0x211f210f820

[21:01:35.855][pid:27836][tid:28660] 心跳: 第 3982 帧 完成阶段=8 Shadow::Render 提交绘制 菜单=开 画布=1920x1080
[21:01:36.856][pid:27836][tid:28660] 心跳: 第 4086 帧 完成阶段=8 Shadow::Render 提交绘制 菜单=开 画布=1920x1080
[21:01:37.856][pid:27836][tid:28660] 心跳: 第 4192 帧 完成阶段=8 Shadow::Render 提交绘制 菜单=开 画布=1920x1080
[21:01:38.858][pid:27836][tid:28660] 心跳: 第 4297 帧 完成阶段=8 Shadow::Render 提交绘制 菜单=开 画布=1920x1080
[21:01:39.856][pid:27836][tid:28660] 心跳: 第 4403 帧 完成阶段=8 Shadow::Render 提交绘制 菜单=开 画布=1920x1080
[21:01:40.764][pid:27836][tid:28660] 虚表探针统计:
  v[0x6D] calls=4500 画布命中=4500 clip=0x0 arg0=0x211f210f820

[21:01:40.855][pid:27836][tid:28660] 心跳: 第 4510 帧 完成阶段=8 Shadow::Render 提交绘制 菜单=开 画布=1920x1080
[21:01:41.858][pid:27836][tid:28660] 心跳: 第 4618 帧 完成阶段=8 Shadow::Render 提交绘制 菜单=开 画布=1920x1080
[21:01:42.858][pid:27836][tid:28660] 心跳: 第 4726 帧 完成阶段=8 Shadow::Render 提交绘制 菜单=开 画布=1920x1080
[21:01:43.857][pid:27836][tid:28660] 心跳: 第 4835 帧 完成阶段=8 Shadow::Render 提交绘制 菜单=开 画布=1920x1080
[21:01:44.859][pid:27836][tid:28660] 心跳: 第 4950 帧 完成阶段=8 Shadow::Render 提交绘制 菜单=开 画布=1920x1080
[21:01:45.758][pid:27836][tid:28660] 虚表探针统计:
  v[0x6D] calls=5047 画布命中=5047 clip=0x0 arg0=0x211f210f820

[21:01:45.858][pid:27836][tid:28660] 心跳: 第 5058 帧 完成阶段=8 Shadow::Render 提交绘制 菜单=关 画布=1920x1080
[21:01:46.852][pid:27836][tid:28660] 心跳: 第 5163 帧 完成阶段=8 Shadow::Render 提交绘制 菜单=关 画布=1920x1080
[21:01:47.856][pid:27836][tid:28660] 心跳: 第 5272 帧 完成阶段=8 Shadow::Render 提交绘制 菜单=关 画布=1920x1080
[21:01:48.858][pid:27836][tid:28660] 心跳: 第 5389 帧 完成阶段=8 Shadow::Render 提交绘制 菜单=关 画布=1920x1080
[21:01:49.853][pid:27836][tid:28660] 心跳: 第 5508 帧 完成阶段=8 Shadow::Render 提交绘制 菜单=关 画布=1920x1080
[21:01:50.765][pid:27836][tid:28660] 虚表探针统计:
  v[0x6D] calls=5614 画布命中=5614 clip=0x0 arg0=0x211f210f820

[21:01:50.856][pid:27836][tid:28660] 心跳: 第 5625 帧 完成阶段=8 Shadow::Render 提交绘制 菜单=关 画布=1920x1080
[21:01:51.854][pid:27836][tid:28660] 心跳: 第 5729 帧 完成阶段=8 Shadow::Render 提交绘制 菜单=关 画布=1920x1080
[21:01:52.860][pid:27836][tid:28660] 心跳: 第 5823 帧 完成阶段=8 Shadow::Render 提交绘制 菜单=关 画布=1920x1080
[21:01:53.857][pid:27836][tid:28660] 心跳: 第 5917 帧 完成阶段=8 Shadow::Render 提交绘制 菜单=关 画布=1920x1080
[21:01:54.855][pid:27836][tid:28660] 心跳: 第 6000 帧 完成阶段=8 Shadow::Render 提交绘制 菜单=关 画布=1920x1080
[21:01:55.759][pid:27836][tid:28660] 虚表探针统计:
  v[0x6D] calls=6081 画布命中=6081 clip=0x0 arg0=0x211f210f820

[21:01:55.861][pid:27836][tid:28660] 心跳: 第 6090 帧 完成阶段=8 Shadow::Render 提交绘制 菜单=关 画布=1920x1080
[21:01:56.851][pid:27836][tid:28660] 心跳: 第 6188 帧 完成阶段=8 Shadow::Render 提交绘制 菜单=关 画布=1920x1080
[21:01:57.863][pid:27836][tid:28660] 心跳: 第 6293 帧 完成阶段=8 Shadow::Render 提交绘制 菜单=关 画布=1920x1080
[21:01:58.855][pid:27836][tid:28660] 心跳: 第 6398 帧 完成阶段=8 Shadow::Render 提交绘制 菜单=关 画布=1920x1080
[21:01:59.854][pid:27836][tid:28660] 心跳: 第 6504 帧 完成阶段=8 Shadow::Render 提交绘制 菜单=开 画布=1920x1080
[21:02:00.759][pid:27836][tid:28660] 虚表探针统计:
  v[0x6D] calls=6595 画布命中=6595 clip=0x0 arg0=0x211f210f820

[21:02:00.852][pid:27836][tid:28660] 心跳: 第 6605 帧 完成阶段=8 Shadow::Render 提交绘制 菜单=开 画布=1920x1080
[21:02:01.857][pid:27836][tid:28660] 心跳: 第 6712 帧 完成阶段=8 Shadow::Render 提交绘制 菜单=开 画布=1920x1080
[21:02:02.859][pid:27836][tid:28660] 心跳: 第 6814 帧 完成阶段=8 Shadow::Render 提交绘制 菜单=关 画布=1920x1080
[21:02:03.851][pid:27836][tid:28660] 心跳: 第 6915 帧 完成阶段=8 Shadow::Render 提交绘制 菜单=关 画布=1920x1080
[21:02:04.858][pid:27836][tid:28660] 心跳: 第 7021 帧 完成阶段=8 Shadow::Render 提交绘制 菜单=关 画布=1920x1080
[21:02:05.763][pid:27836][tid:28660] 虚表探针统计:
  v[0x6D] calls=7122 画布命中=7122 clip=0x0 arg0=0x211f210f820

[21:02:05.858][pid:27836][tid:28660] 心跳: 第 7132 帧 完成阶段=8 Shadow::Render 提交绘制 菜单=关 画布=1920x1080
[21:02:06.861][pid:27836][tid:28660] 心跳: 第 7247 帧 完成阶段=8 Shadow::Render 提交绘制 菜单=关 画布=1920x1080
[21:02:07.853][pid:27836][tid:28660] 心跳: 第 7359 帧 完成阶段=8 Shadow::Render 提交绘制 菜单=关 画布=1920x1080
[21:02:08.854][pid:27836][tid:28660] 心跳: 第 7465 帧 完成阶段=8 Shadow::Render 提交绘制 菜单=关 画布=1920x1080
[21:02:09.857][pid:27836][tid:28660] 心跳: 第 7575 帧 完成阶段=8 Shadow::Render 提交绘制 菜单=关 画布=1920x1080
[21:02:10.766][pid:27836][tid:28660] 虚表探针统计:
  v[0x6D] calls=7676 画布命中=7676 clip=0x0 arg0=0x211f210f820

[21:02:10.854][pid:27836][tid:28660] 心跳: 第 7686 帧 完成阶段=8 Shadow::Render 提交绘制 菜单=关 画布=1920x1080
[21:02:11.852][pid:27836][tid:28660] 心跳: 第 7799 帧 完成阶段=8 Shadow::Render 提交绘制 菜单=关 画布=1920x1080
[21:02:12.859][pid:27836][tid:28660] 心跳: 第 7914 帧 完成阶段=8 Shadow::Render 提交绘制 菜单=关 画布=1920x1080
[21:02:13.855][pid:27836][tid:28660] 心跳: 第 8029 帧 完成阶段=8 Shadow::Render 提交绘制 菜单=关 画布=1920x1080
[21:02:14.852][pid:27836][tid:28660] 心跳: 第 8144 帧 完成阶段=8 Shadow::Render 提交绘制 菜单=关 画布=1920x1080
[21:02:15.764][pid:27836][tid:28660] 虚表探针统计:
  v[0x6D] calls=8247 画布命中=8247 clip=0x0 arg0=0x211f210f820

[21:02:15.858][pid:27836][tid:28660] 心跳: 第 8257 帧 完成阶段=8 Shadow::Render 提交绘制 菜单=开 画布=1920x1080
[21:02:16.861][pid:27836][tid:28660] 心跳: 第 8366 帧 完成阶段=8 Shadow::Render 提交绘制 菜单=开 画布=1920x1080
[21:02:17.857][pid:27836][tid:28660] 心跳: 第 8475 帧 完成阶段=8 Shadow::Render 提交绘制 菜单=开 画布=1920x1080
[21:02:18.854][pid:27836][tid:28660] 心跳: 第 8586 帧 完成阶段=8 Shadow::Render 提交绘制 菜单=开 画布=1920x1080
[21:02:19.858][pid:27836][tid:28660] 心跳: 第 8702 帧 完成阶段=8 Shadow::Render 提交绘制 菜单=开 画布=1920x1080
[21:02:20.759][pid:27836][tid:28660] 虚表探针统计:
  v[0x6D] calls=8806 画布命中=8806 clip=0x0 arg0=0x211f210f820

[21:02:20.859][pid:27836][tid:28660] 心跳: 第 8817 帧 完成阶段=8 Shadow::Render 提交绘制 菜单=开 画布=1920x1080
[21:02:21.853][pid:27836][tid:28660] 心跳: 第 8933 帧 完成阶段=8 Shadow::Render 提交绘制 菜单=关 画布=1920x1080
[21:02:22.856][pid:27836][tid:28660] 心跳: 第 9046 帧 完成阶段=8 Shadow::Render 提交绘制 菜单=关 画布=1920x1080
[21:02:23.859][pid:27836][tid:28660] 心跳: 第 9158 帧 完成阶段=8 Shadow::Render 提交绘制 菜单=关 画布=1920x1080
[21:02:24.853][pid:27836][tid:28660] 心跳: 第 9269 帧 完成阶段=8 Shadow::Render 提交绘制 菜单=开 画布=1920x1080
[21:02:25.764][pid:27836][tid:28660] 虚表探针统计:
  v[0x6D] calls=9374 画布命中=9374 clip=0x0 arg0=0x211f210f820

[21:02:25.856][pid:27836][tid:28660] 心跳: 第 9385 帧 完成阶段=8 Shadow::Render 提交绘制 菜单=开 画布=1920x1080
[21:02:26.856][pid:27836][tid:28660] 心跳: 第 9502 帧 完成阶段=8 Shadow::Render 提交绘制 菜单=关 画布=1920x1080
[21:02:27.853][pid:27836][tid:28660] 心跳: 第 9617 帧 完成阶段=8 Shadow::Render 提交绘制 菜单=关 画布=1920x1080
[21:02:28.852][pid:27836][tid:28660] 心跳: 第 9732 帧 完成阶段=8 Shadow::Render 提交绘制 菜单=关 画布=1920x1080
[21:02:29.856][pid:27836][tid:28660] 心跳: 第 9849 帧 完成阶段=8 Shadow::Render 提交绘制 菜单=关 画布=1920x1080
[21:02:30.767][pid:27836][tid:28660] 虚表探针统计:
  v[0x6D] calls=9954 画布命中=9954 clip=0x0 arg0=0x211f210f820

[21:02:30.858][pid:27836][tid:28660] 心跳: 第 9965 帧 完成阶段=8 Shadow::Render 提交绘制 菜单=关 画布=1920x1080
[21:02:31.855][pid:27836][tid:28660] 心跳: 第 10081 帧 完成阶段=8 Shadow::Render 提交绘制 菜单=关 画布=1920x1080
[21:02:32.853][pid:27836][tid:28660] 心跳: 第 10198 帧 完成阶段=8 Shadow::Render 提交绘制 菜单=关 画布=1920x1080
[21:02:33.859][pid:27836][tid:28660] 心跳: 第 10314 帧 完成阶段=8 Shadow::Render 提交绘制 菜单=开 画布=1920x1080
[21:02:34.851][pid:27836][tid:28660] 心跳: 第 10425 帧 完成阶段=8 Shadow::Render 提交绘制 菜单=开 画布=1920x1080
[21:02:35.760][pid:27836][tid:28660] 虚表探针统计:
  v[0x6D] calls=10526 画布命中=10526 clip=0x0 arg0=0x211f210f820

[21:02:35.853][pid:27836][tid:28660] 心跳: 第 10537 帧 完成阶段=8 Shadow::Render 提交绘制 菜单=开 画布=1920x1080
[21:02:36.860][pid:27836][tid:28660] 心跳: 第 10657 帧 完成阶段=8 Shadow::Render 提交绘制 菜单=开 画布=1920x1080
[21:02:37.854][pid:27836][tid:28660] 心跳: 第 10775 帧 完成阶段=8 Shadow::Render 提交绘制 菜单=开 画布=1920x1080
[21:02:38.861][pid:27836][tid:28660] 心跳: 第 10826 帧 完成阶段=8 Shadow::Render 提交绘制 菜单=开 画布=1920x1080
[21:02:39.868][pid:27836][tid:28660] 心跳: 第 10864 帧 完成阶段=8 Shadow::Render 提交绘制 菜单=开 画布=1920x1080
[21:02:40.758][pid:27836][tid:28660] 虚表探针统计:
  v[0x6D] calls=10927 画布命中=10927 clip=0x0 arg0=0x211f210f820

[21:02:40.880][pid:27836][tid:28660] 心跳: 第 10937 帧 完成阶段=8 Shadow::Render 提交绘制 菜单=开 画布=1920x1080
[21:02:41.868][pid:27836][tid:28660] 心跳: 第 11017 帧 完成阶段=8 Shadow::Render 提交绘制 菜单=关 画布=1920x1080
[21:02:42.878][pid:27836][tid:28660] 心跳: 第 11102 帧 完成阶段=8 Shadow::Render 提交绘制 菜单=关 画布=1920x1080
[21:02:43.874][pid:27836][tid:28660] 心跳: 第 11188 帧 完成阶段=8 Shadow::Render 提交绘制 菜单=关 画布=1920x1080
[21:02:44.875][pid:27836][tid:28660] 心跳: 第 11276 帧 完成阶段=8 Shadow::Render 提交绘制 菜单=关 画布=1920x1080
[21:02:45.766][pid:27836][tid:28660] 虚表探针统计:
  v[0x6D] calls=11350 画布命中=11350 clip=0x0 arg0=0x211f210f820

[21:02:45.877][pid:27836][tid:28660] 心跳: 第 11359 帧 完成阶段=8 Shadow::Render 提交绘制 菜单=关 画布=1920x1080
[21:02:46.873][pid:27836][tid:28660] 心跳: 第 11441 帧 完成阶段=8 Shadow::Render 提交绘制 菜单=关 画布=1920x1080
[21:02:47.873][pid:27836][tid:28660] 心跳: 第 11525 帧 完成阶段=8 Shadow::Render 提交绘制 菜单=关 画布=1920x1080
[21:02:48.869][pid:27836][tid:28660] 心跳: 第 11597 帧 完成阶段=8 Shadow::Render 提交绘制 菜单=关 画布=1920x1080
[21:02:49.872][pid:27836][tid:28660] 心跳: 第 11674 帧 完成阶段=8 Shadow::Render 提交绘制 菜单=关 画布=1920x1080
[21:02:50.765][pid:27836][tid:28660] 虚表探针统计:
  v[0x6D] calls=11745 画布命中=11745 clip=0x0 arg0=0x211f210f820

[21:02:50.879][pid:27836][tid:28660] 心跳: 第 11754 帧 完成阶段=8 Shadow::Render 提交绘制 菜单=关 画布=1920x1080
[21:02:51.873][pid:27836][tid:28660] 心跳: 第 11833 帧 完成阶段=8 Shadow::Render 提交绘制 菜单=关 画布=1920x1080
[21:02:52.868][pid:27836][tid:28660] 心跳: 第 11919 帧 完成阶段=8 Shadow::Render 提交绘制 菜单=关 画布=1920x1080
[21:02:53.878][pid:27836][tid:28660] 心跳: 第 12006 帧 完成阶段=8 Shadow::Render 提交绘制 菜单=关 画布=1920x1080
[21:02:54.868][pid:27836][tid:28660] 心跳: 第 12084 帧 完成阶段=8 Shadow::Render 提交绘制 菜单=关 画布=1920x1080
[21:02:55.758][pid:27836][tid:28660] 虚表探针统计:
  v[0x6D] calls=12153 画布命中=12153 clip=0x0 arg0=0x211f210f820

[21:02:55.868][pid:27836][tid:28660] 心跳: 第 12161 帧 完成阶段=8 Shadow::Render 提交绘制 菜单=关 画布=1920x1080
[21:02:56.877][pid:27836][tid:28660] 心跳: 第 12239 帧 完成阶段=8 Shadow::Render 提交绘制 菜单=关 画布=1920x1080
[21:02:57.880][pid:27836][tid:28660] 心跳: 第 12319 帧 完成阶段=8 Shadow::Render 提交绘制 菜单=开 画布=1920x1080
[21:02:58.869][pid:27836][tid:28660] 心跳: 第 12402 帧 完成阶段=8 Shadow::Render 提交绘制 菜单=开 画布=1920x1080
[21:02:59.868][pid:27836][tid:28660] 心跳: 第 12486 帧 完成阶段=8 Shadow::Render 提交绘制 菜单=开 画布=1920x1080
[21:03:00.761][pid:27836][tid:28660] 虚表探针统计:
  v[0x6D] calls=12562 画布命中=12562 clip=0x0 arg0=0x211f210f820

[21:03:00.867][pid:27836][tid:28660] 心跳: 第 12572 帧 完成阶段=8 Shadow::Render 提交绘制 菜单=开 画布=1920x1080
[21:03:01.875][pid:27836][tid:28660] 心跳: 第 12667 帧 完成阶段=8 Shadow::Render 提交绘制 菜单=开 画布=1920x1080
[21:03:02.873][pid:27836][tid:28660] 心跳: 第 12759 帧 完成阶段=8 Shadow::Render 提交绘制 菜单=开 画布=1920x1080
[21:03:03.873][pid:27836][tid:28660] 心跳: 第 12848 帧 完成阶段=8 Shadow::Render 提交绘制 菜单=开 画布=1920x1080
[21:03:04.879][pid:27836][tid:28660] 心跳: 第 12934 帧 完成阶段=8 Shadow::Render 提交绘制 菜单=开 画布=1920x1080
[21:03:05.760][pid:27836][tid:28660] 虚表探针统计:
  v[0x6D] calls=13011 画布命中=13011 clip=0x0 arg0=0x211f210f820

[21:03:05.873][pid:27836][tid:28660] 心跳: 第 13021 帧 完成阶段=8 Shadow::Render 提交绘制 菜单=关 画布=1920x1080
[21:03:06.873][pid:27836][tid:28660] 心跳: 第 13109 帧 完成阶段=8 Shadow::Render 提交绘制 菜单=关 画布=1920x1080
[21:03:07.873][pid:27836][tid:28660] 心跳: 第 13191 帧 完成阶段=8 Shadow::Render 提交绘制 菜单=关 画布=1920x1080
[21:03:08.877][pid:27836][tid:28660] 心跳: 第 13272 帧 完成阶段=8 Shadow::Render 提交绘制 菜单=关 画布=1920x1080
[21:03:09.868][pid:27836][tid:28660] 心跳: 第 13354 帧 完成阶段=8 Shadow::Render 提交绘制 菜单=关 画布=1920x1080
[21:03:10.758][pid:27836][tid:28660] 虚表探针统计:
  v[0x6D] calls=13429 画布命中=13429 clip=0x0 arg0=0x211f210f820

[21:03:10.868][pid:27836][tid:28660] 心跳: 第 13438 帧 完成阶段=8 Shadow::Render 提交绘制 菜单=关 画布=1920x1080
[21:03:11.874][pid:27836][tid:28660] 心跳: 第 13516 帧 完成阶段=8 Shadow::Render 提交绘制 菜单=关 画布=1920x1080
[21:03:12.871][pid:27836][tid:28660] 心跳: 第 13596 帧 完成阶段=8 Shadow::Render 提交绘制 菜单=关 画布=1920x1080
[21:03:13.867][pid:27836][tid:28660] 心跳: 第 13680 帧 完成阶段=8 Shadow::Render 提交绘制 菜单=关 画布=1920x1080
[21:03:14.875][pid:27836][tid:28660] 心跳: 第 13769 帧 完成阶段=8 Shadow::Render 提交绘制 菜单=关 画布=1920x1080
[21:03:15.761][pid:27836][tid:28660] 虚表探针统计:
  v[0x6D] calls=13848 画布命中=13848 clip=0x0 arg0=0x211f210f820

[21:03:15.872][pid:27836][tid:28660] 心跳: 第 13858 帧 完成阶段=8 Shadow::Render 提交绘制 菜单=关 画布=1920x1080
[21:03:16.884][pid:27836][tid:28660] 心跳: 第 13942 帧 完成阶段=8 Shadow::Render 提交绘制 菜单=关 画布=1920x1080
[21:03:17.896][pid:27836][tid:28660] 心跳: 第 14016 帧 完成阶段=8 Shadow::Render 提交绘制 菜单=关 画布=1920x1080
[21:03:18.891][pid:27836][tid:28660] 心跳: 第 14093 帧 完成阶段=8 Shadow::Render 提交绘制 菜单=关 画布=1920x1080
[21:03:19.885][pid:27836][tid:28660] 心跳: 第 14172 帧 完成阶段=8 Shadow::Render 提交绘制 菜单=关 画布=1920x1080
[21:03:20.761][pid:27836][tid:28660] 虚表探针统计:
  v[0x6D] calls=14239 画布命中=14239 clip=0x0 arg0=0x211f210f820

[21:03:20.894][pid:27836][tid:28660] 心跳: 第 14249 帧 完成阶段=8 Shadow::Render 提交绘制 菜单=关 画布=1920x1080
[21:03:21.890][pid:27836][tid:28660] 心跳: 第 14328 帧 完成阶段=8 Shadow::Render 提交绘制 菜单=关 画布=1920x1080
[21:03:22.887][pid:27836][tid:28660] 心跳: 第 14409 帧 完成阶段=8 Shadow::Render 提交绘制 菜单=关 画布=1920x1080
[21:03:23.891][pid:27836][tid:28660] 心跳: 第 14489 帧 完成阶段=8 Shadow::Render 提交绘制 菜单=关 画布=1920x1080
[21:03:24.890][pid:27836][tid:28660] 心跳: 第 14567 帧 完成阶段=8 Shadow::Render 提交绘制 菜单=开 画布=1920x1080
[21:03:25.764][pid:27836][tid:28660] 虚表探针统计:
  v[0x6D] calls=14633 画布命中=14633 clip=0x0 arg0=0x211f210f820

[21:03:25.884][pid:27836][tid:28660] 心跳: 第 14642 帧 完成阶段=8 Shadow::Render 提交绘制 菜单=开 画布=1920x1080
[21:03:26.892][pid:27836][tid:28660] 心跳: 第 14719 帧 完成阶段=8 Shadow::Render 提交绘制 菜单=开 画布=1920x1080
[21:03:27.892][pid:27836][tid:28660] 心跳: 第 14794 帧 完成阶段=8 Shadow::Render 提交绘制 菜单=开 画布=1920x1080
[21:03:28.894][pid:27836][tid:28660] 心跳: 第 14869 帧 完成阶段=8 Shadow::Render 提交绘制 菜单=开 画布=1920x1080
[21:03:29.891][pid:27836][tid:28660] 心跳: 第 14943 帧 完成阶段=8 Shadow::Render 提交绘制 菜单=开 画布=1920x1080
[21:03:30.763][pid:27836][tid:28660] 虚表探针统计:
  v[0x6D] calls=15007 画布命中=15007 clip=0x0 arg0=0x211f210f820

[21:03:30.885][pid:27836][tid:28660] 心跳: 第 15016 帧 完成阶段=8 Shadow::Render 提交绘制 菜单=开 画布=1920x1080
[21:03:31.895][pid:27836][tid:28660] 心跳: 第 15091 帧 完成阶段=8 Shadow::Render 提交绘制 菜单=开 画布=1920x1080
[21:03:32.890][pid:27836][tid:28660] 心跳: 第 15166 帧 完成阶段=8 Shadow::Render 提交绘制 菜单=开 画布=1920x1080
[21:03:33.883][pid:27836][tid:28660] 心跳: 第 15242 帧 完成阶段=8 Shadow::Render 提交绘制 菜单=开 画布=1920x1080
[21:03:34.887][pid:27836][tid:28660] 心跳: 第 15318 帧 完成阶段=8 Shadow::Render 提交绘制 菜单=开 画布=1920x1080
[21:03:35.762][pid:27836][tid:28660] 虚表探针统计:
  v[0x6D] calls=15385 画布命中=15385 clip=0x0 arg0=0x211f210f820

[21:03:35.894][pid:27836][tid:28660] 心跳: 第 15395 帧 完成阶段=8 Shadow::Render 提交绘制 菜单=开 画布=1920x1080
[21:03:36.912][pid:27836][tid:28660] 心跳: 第 15425 帧 完成阶段=8 Shadow::Render 提交绘制 菜单=开 画布=1920x1080
[21:03:37.923][pid:27836][tid:28660] 心跳: 第 15445 帧 完成阶段=8 Shadow::Render 提交绘制 菜单=开 画布=1920x1080
[21:03:38.915][pid:27836][tid:28660] 心跳: 第 15485 帧 完成阶段=8 Shadow::Render 提交绘制 菜单=开 画布=1920x1080
[21:03:39.923][pid:27836][tid:28660] 心跳: 第 15545 帧 完成阶段=8 Shadow::Render 提交绘制 菜单=开 画布=1920x1080
[21:03:40.769][pid:27836][tid:28660] 虚表探针统计:
  v[0x6D] calls=15601 画布命中=15601 clip=0x0 arg0=0x211f210f820

[21:03:40.926][pid:27836][tid:28660] 心跳: 第 15612 帧 完成阶段=8 Shadow::Render 提交绘制 菜单=开 画布=1920x1080
[21:03:41.922][pid:27836][tid:28660] 心跳: 第 15687 帧 完成阶段=8 Shadow::Render 提交绘制 菜单=开 画布=1920x1080
[21:03:42.922][pid:27836][tid:28660] 心跳: 第 15772 帧 完成阶段=8 Shadow::Render 提交绘制 菜单=开 画布=1920x1080
[21:03:43.914][pid:27836][tid:28660] 心跳: 第 15867 帧 完成阶段=8 Shadow::Render 提交绘制 菜单=开 画布=1920x1080
[21:03:44.923][pid:27836][tid:28660] 心跳: 第 15975 帧 完成阶段=8 Shadow::Render 提交绘制 菜单=开 画布=1920x1080
[21:03:45.764][pid:27836][tid:28660] 虚表探针统计:
  v[0x6D] calls=16072 画布命中=16072 clip=0x0 arg0=0x211f210f820

[21:03:45.916][pid:27836][tid:28660] 心跳: 第 16090 帧 完成阶段=8 Shadow::Render 提交绘制 菜单=开 画布=1920x1080
[21:03:46.921][pid:27836][tid:28660] 心跳: 第 16208 帧 完成阶段=8 Shadow::Render 提交绘制 菜单=开 画布=1920x1080
[21:03:47.921][pid:27836][tid:28660] 心跳: 第 16270 帧 完成阶段=8 Shadow::Render 提交绘制 菜单=开 画布=1920x1080
[21:03:48.917][pid:27836][tid:28660] 心跳: 第 16387 帧 完成阶段=8 Shadow::Render 提交绘制 菜单=关 画布=1920x1080
[21:03:49.921][pid:27836][tid:28660] 心跳: 第 16499 帧 完成阶段=8 Shadow::Render 提交绘制 菜单=关 画布=1920x1080
[21:03:50.762][pid:27836][tid:28660] 虚表探针统计:
  v[0x6D] calls=16577 画布命中=16577 clip=0x0 arg0=0x211f210f820

[21:03:50.919][pid:27836][tid:28660] 心跳: 第 16594 帧 完成阶段=8 Shadow::Render 提交绘制 菜单=关 画布=1920x1080
[21:03:51.922][pid:27836][tid:28660] 心跳: 第 16703 帧 完成阶段=8 Shadow::Render 提交绘制 菜单=关 画布=1920x1080
[21:03:52.919][pid:27836][tid:28660] 心跳: 第 16806 帧 完成阶段=8 Shadow::Render 提交绘制 菜单=关 画布=1920x1080
[21:03:53.915][pid:27836][tid:28660] 心跳: 第 16908 帧 完成阶段=8 Shadow::Render 提交绘制 菜单=关 画布=1920x1080
[21:03:54.918][pid:27836][tid:28660] 心跳: 第 17010 帧 完成阶段=8 Shadow::Render 提交绘制 菜单=关 画布=1920x1080
[21:03:55.762][pid:27836][tid:28660] 虚表探针统计:
  v[0x6D] calls=17087 画布命中=17087 clip=0x0 arg0=0x211f210f820

[21:03:55.916][pid:27836][tid:28660] 心跳: 第 17103 帧 完成阶段=8 Shadow::Render 提交绘制 菜单=关 画布=1920x1080
[21:03:56.918][pid:27836][tid:28660] 心跳: 第 17171 帧 完成阶段=8 Shadow::Render 提交绘制 菜单=关 画布=1920x1080
[21:03:57.915][pid:27836][tid:28660] 心跳: 第 17265 帧 完成阶段=8 Shadow::Render 提交绘制 菜单=关 画布=1920x1080
[21:03:58.923][pid:27836][tid:28660] 心跳: 第 17364 帧 完成阶段=8 Shadow::Render 提交绘制 菜单=关 画布=1920x1080
[21:03:59.921][pid:27836][tid:28660] 心跳: 第 17459 帧 完成阶段=8 Shadow::Render 提交绘制 菜单=关 画布=1920x1080
[21:04:00.763][pid:27836][tid:28660] 虚表探针统计:
  v[0x6D] calls=17541 画布命中=17541 clip=0x0 arg0=0x211f210f820

[21:04:00.921][pid:27836][tid:28660] 心跳: 第 17557 帧 完成阶段=8 Shadow::Render 提交绘制 菜单=关 画布=1920x1080
[21:04:01.918][pid:27836][tid:28660] 心跳: 第 17658 帧 完成阶段=8 Shadow::Render 提交绘制 菜单=关 画布=1920x1080
[21:04:02.923][pid:27836][tid:28660] 心跳: 第 17759 帧 完成阶段=8 Shadow::Render 提交绘制 菜单=关 画布=1920x1080
[21:04:03.915][pid:27836][tid:28660] 心跳: 第 17860 帧 完成阶段=8 Shadow::Render 提交绘制 菜单=关 画布=1920x1080
[21:04:04.922][pid:27836][tid:28660] 心跳: 第 17970 帧 完成阶段=8 Shadow::Render 提交绘制 菜单=关 画布=1920x1080
[21:04:05.764][pid:27836][tid:28660] 虚表探针统计:
  v[0x6D] calls=18070 画布命中=18070 clip=0x0 arg0=0x211f210f820

[21:04:05.914][pid:27836][tid:28660] 心跳: 第 18088 帧 完成阶段=8 Shadow::Render 提交绘制 菜单=关 画布=1920x1080
[21:04:06.915][pid:27836][tid:28660] 心跳: 第 18208 帧 完成阶段=8 Shadow::Render 提交绘制 菜单=关 画布=1920x1080
[21:04:07.920][pid:27836][tid:28660] 心跳: 第 18318 帧 完成阶段=8 Shadow::Render 提交绘制 菜单=关 画布=1920x1080
[21:04:08.920][pid:27836][tid:28660] 心跳: 第 18412 帧 完成阶段=8 Shadow::Render 提交绘制 菜单=关 画布=1920x1080
[21:04:09.916][pid:27836][tid:28660] 心跳: 第 18519 帧 完成阶段=8 Shadow::Render 提交绘制 菜单=关 画布=1920x1080
[21:04:10.761][pid:27836][tid:28660] 虚表探针统计:
  v[0x6D] calls=18610 画布命中=18610 clip=0x0 arg0=0x211f210f820

[21:04:10.921][pid:27836][tid:28660] 心跳: 第 18627 帧 完成阶段=8 Shadow::Render 提交绘制 菜单=关 画布=1920x1080
[21:04:11.919][pid:27836][tid:28660] 心跳: 第 18730 帧 完成阶段=8 Shadow::Render 提交绘制 菜单=关 画布=1920x1080
[21:04:12.918][pid:27836][tid:28660] 心跳: 第 18833 帧 完成阶段=8 Shadow::Render 提交绘制 菜单=关 画布=1920x1080
[21:04:13.920][pid:27836][tid:28660] 心跳: 第 18943 帧 完成阶段=8 Shadow::Render 提交绘制 菜单=关 画布=1920x1080
[21:04:14.921][pid:27836][tid:28660] 心跳: 第 19051 帧 完成阶段=8 Shadow::Render 提交绘制 菜单=关 画布=1920x1080
[21:04:15.763][pid:27836][tid:28660] 虚表探针统计:
  v[0x6D] calls=19141 画布命中=19141 clip=0x0 arg0=0x211f210f820

[21:04:15.923][pid:27836][tid:28660] 心跳: 第 19158 帧 完成阶段=8 Shadow::Render 提交绘制 菜单=关 画布=1920x1080
[21:04:16.915][pid:27836][tid:28660] 心跳: 第 19263 帧 完成阶段=8 Shadow::Render 提交绘制 菜单=关 画布=1920x1080
[21:04:17.915][pid:27836][tid:28660] 心跳: 第 19358 帧 完成阶段=8 Shadow::Render 提交绘制 菜单=关 画布=1920x1080
[21:04:18.917][pid:27836][tid:28660] 心跳: 第 19454 帧 完成阶段=8 Shadow::Render 提交绘制 菜单=关 画布=1920x1080
[21:04:19.918][pid:27836][tid:28660] 心跳: 第 19544 帧 完成阶段=8 Shadow::Render 提交绘制 菜单=关 画布=1920x1080
[21:04:20.765][pid:27836][tid:28660] 虚表探针统计:
  v[0x6D] calls=19627 画布命中=19627 clip=0x0 arg0=0x211f210f820

[21:04:20.922][pid:27836][tid:28660] 心跳: 第 19642 帧 完成阶段=8 Shadow::Render 提交绘制 菜单=关 画布=1920x1080
[21:04:21.917][pid:27836][tid:28660] 心跳: 第 19726 帧 完成阶段=8 Shadow::Render 提交绘制 菜单=关 画布=1920x1080
[21:04:22.919][pid:27836][tid:28660] 心跳: 第 19819 帧 完成阶段=8 Shadow::Render 提交绘制 菜单=关 画布=1920x1080
[21:04:23.918][pid:27836][tid:28660] 心跳: 第 19914 帧 完成阶段=8 Shadow::Render 提交绘制 菜单=关 画布=1920x1080
[21:04:24.811][pid:27836][tid:28660] 直连 detour 命中: calls=20000 画布命中=是 canvas=0x211f210f820 clip=1920x1080
[21:04:24.916][pid:27836][tid:28660] 心跳: 第 20010 帧 完成阶段=8 Shadow::Render 提交绘制 菜单=关 画布=1920x1080
[21:04:25.922][pid:27836][tid:28660] 心跳: 第 20103 帧 完成阶段=8 Shadow::Render 提交绘制 菜单=关 画布=1920x1080
[21:04:26.914][pid:27836][tid:28660] 心跳: 第 20194 帧 完成阶段=8 Shadow::Render 提交绘制 菜单=关 画布=1920x1080
[21:04:27.920][pid:27836][tid:28660] 心跳: 第 20274 帧 完成阶段=8 Shadow::Render 提交绘制 菜单=关 画布=1920x1080
[21:04:28.924][pid:27836][tid:28660] 心跳: 第 20354 帧 完成阶段=8 Shadow::Render 提交绘制 菜单=关 画布=1920x1080
[21:04:29.923][pid:27836][tid:28660] 心跳: 第 20443 帧 完成阶段=8 Shadow::Render 提交绘制 菜单=关 画布=1920x1080
[21:04:30.923][pid:27836][tid:28660] 心跳: 第 20532 帧 完成阶段=8 Shadow::Render 提交绘制 菜单=关 画布=1920x1080
[21:04:31.917][pid:27836][tid:28660] 心跳: 第 20613 帧 完成阶段=8 Shadow::Render 提交绘制 菜单=关 画布=1920x1080
[21:04:32.914][pid:27836][tid:28660] 心跳: 第 20702 帧 完成阶段=8 Shadow::Render 提交绘制 菜单=关 画布=1920x1080
[21:04:33.914][pid:27836][tid:28660] 心跳: 第 20793 帧 完成阶段=8 Shadow::Render 提交绘制 菜单=关 画布=1920x1080
[21:04:34.917][pid:27836][tid:28660] 心跳: 第 20871 帧 完成阶段=8 Shadow::Render 提交绘制 菜单=关 画布=1920x1080
[21:04:35.931][pid:27836][tid:28660] 心跳: 第 20909 帧 完成阶段=8 Shadow::Render 提交绘制 菜单=关 画布=1920x1080
